// Jest Snapshot v1, https://goo.gl/fbAQLP

exports[`protective exposes all functions 1`] = `
Array [
  "stringify",
  "verbose",
]
`;
